1600 en sources false []
1600 en guide false []
1600 en journey false []
1600 en story false []
1600 en context false []
1600 zh-CN sources false []
1600 zh-CN guide false []
1600 zh-CN journey false []
1600 zh-CN story false []
1600 zh-CN context false []
768 en sources false []
768 en guide false []
768 en journey false []
768 en story false []
768 en context false []
768 zh-CN sources false []
768 zh-CN guide false []
768 zh-CN journey false []
768 zh-CN story false []
768 zh-CN context false []
390 en sources false []
390 en guide false []
390 en journey false []
390 en story false []
390 en context false []
390 zh-CN sources false []
390 zh-CN guide false []
390 zh-CN journey false []
390 zh-CN story false []
390 zh-CN context false []
