{
  "provenance": "current_database",
  "corpus_version": "corpus_ae6cecdf5f5608052d40a9a52c33658b42cb7aadc1a5a946cae5591c4563ca48",
  "passages": 2,
  "model_version": "BAAI/bge-m3@5617a9f61b028005a4858fdac845db406aefb181:cls:normalized-f32:8192:v1",
  "platform": "Linux-7.2.4-arch1-2-x86_64-with-glibc2.44",
  "processor": "",
  "iterations_per_lexical_query": 20,
  "lexical_ms_median": 0.03829149864031933,
  "lexical_ms_max": 1.083723000192549,
  "cases": [
    {
      "locale": "en",
      "question": "Fuzhou shadow puppetry",
      "lexical_ids": [
        "passage-liaoning-dalian-01-en"
      ],
      "hybrid_ids": [
        "passage-liaoning-dalian-01-en"
      ],
      "mode": "hybrid",
      "embedding_status": "ready",
      "query_embedding_ms": 14249.259888998495,
      "hybrid_total_ms": 14252.454577999742
    },
    {
      "locale": "zh-CN",
      "question": "复州皮影戏",
      "lexical_ids": [
        "passage-liaoning-dalian-01-zh-CN"
      ],
      "hybrid_ids": [
        "passage-liaoning-dalian-01-zh-CN"
      ],
      "mode": "hybrid",
      "embedding_status": "ready",
      "query_embedding_ms": 11335.978852999688,
      "hybrid_total_ms": 11339.104328999383
    },
    {
      "locale": "en",
      "question": "shadow theatre regional inventory",
      "lexical_ids": [
        "passage-liaoning-dalian-01-en"
      ],
      "hybrid_ids": [
        "passage-liaoning-dalian-01-en"
      ],
      "mode": "hybrid",
      "embedding_status": "ready",
      "query_embedding_ms": 11852.839076000237,
      "hybrid_total_ms": 11854.68083300293
    },
    {
      "locale": "zh-CN",
      "question": "瓦房店传统戏剧名录",
      "lexical_ids": [
        "passage-liaoning-dalian-01-zh-CN"
      ],
      "hybrid_ids": [
        "passage-liaoning-dalian-01-zh-CN"
      ],
      "mode": "hybrid",
      "embedding_status": "ready",
      "query_embedding_ms": 10755.138858003193,
      "hybrid_total_ms": 10757.753574998787
    },
    {
      "locale": "en",
      "question": "Qin dynasty emperor birth date",
      "lexical_ids": [],
      "hybrid_ids": [],
      "mode": "hybrid",
      "embedding_status": "ready",
      "query_embedding_ms": 12672.229853000317,
      "hybrid_total_ms": 12674.538662002306
    },
    {
      "locale": "zh-CN",
      "question": "秦始皇出生年月",
      "lexical_ids": [],
      "hybrid_ids": [],
      "mode": "hybrid",
      "embedding_status": "ready",
      "query_embedding_ms": 10662.553507998382,
      "hybrid_total_ms": 10664.369062997139
    }
  ],
  "quality_score": null,
  "note": "Diagnostic queries, not held-out expert evaluation. Lexical timing excludes database eligibility reads. Each dense query loads a CPU worker; cold start and artifact verification are included in query_embedding_ms.",
  "index_build_status": "ready",
  "index_build_ms": 15101.770255998417,
  "dense_runtime_verified": true
}
