[WebServer] (node:357702) Warning: The 'NO_COLOR' env is ignored due to the 'FORCE_COLOR' env being set.
[WebServer] (Use `node --trace-warnings ...` to show where the warning was created)
[WebServer] (node:357710) Warning: The 'NO_COLOR' env is ignored due to the 'FORCE_COLOR' env being set.
[WebServer] (Use `node --trace-warnings ...` to show where the warning was created)
[WebServer] (node:357775) Warning: The 'NO_COLOR' env is ignored due to the 'FORCE_COLOR' env being set.
[WebServer] (Use `node --trace-warnings ...` to show where the warning was created)
[WebServer] (node:357811) Warning: The 'NO_COLOR' env is ignored due to the 'FORCE_COLOR' env being set.
[WebServer] (Use `node --trace-warnings ...` to show where the warning was created)
[WebServer] (node:357836) Warning: The 'NO_COLOR' env is ignored due to the 'FORCE_COLOR' env being set.
[WebServer] (Use `node --trace-warnings ...` to show where the warning was created)
[WebServer] (node:357849) Warning: The 'NO_COLOR' env is ignored due to the 'FORCE_COLOR' env being set.
[WebServer] (Use `node --trace-warnings ...` to show where the warning was created)
[WebServer] (node:357886) Warning: The 'NO_COLOR' env is ignored due to the 'FORCE_COLOR' env being set.
[WebServer] (Use `node --trace-warnings ...` to show where the warning was created)

Running 28 tests using 1 worker

(node:357927) Warning: The 'NO_COLOR' env is ignored due to the 'FORCE_COLOR' env being set.
(Use `node --trace-warnings ...` to show where the warning was created)
  ✓   1 tests/e2e/guide-live.spec.ts:51:7 › live English desktop answer, consent, sources and retained history (2.1s)
  ✓   2 tests/e2e/guide-live.spec.ts:51:7 › live Chinese phone answer, consent, sources and retained history (1.3s)
  ✓   3 tests/e2e/guide-live.spec.ts:84:7 › live provider_timeout is retryable without facts (754ms)
  ✓   4 tests/e2e/guide-live.spec.ts:84:7 › live budget_exhausted is retryable without facts (869ms)
  ✓   5 tests/e2e/guide-live.spec.ts:84:7 › live rate_limited is retryable without facts (779ms)
  ✓   6 tests/e2e/guide-live.spec.ts:84:7 › live invalid_context is retryable without facts (665ms)
  ✓   7 tests/e2e/guide-live.spec.ts:92:5 › truncated stream discards the whole answer (681ms)
  ✓   8 tests/e2e/guide-live.spec.ts:98:5 › stop and retry cancel pending answer (3.1s)
  ✓   9 tests/e2e/guide-live.spec.ts:107:5 › withdrawn source has no inspectable stale evidence (661ms)
  ✓  10 tests/e2e/guide-live.spec.ts:115:37 › insufficiency EN displays no citations or factual latency (628ms)
  ✓  11 tests/e2e/guide-live.spec.ts:115:37 › insufficiency ZH displays no citations or factual latency (804ms)
  ✓  12 tests/e2e/guide-live.spec.ts:123:5 › mismatched evidence stream never publishes factual text (607ms)
  ✓  13 tests/e2e/guide-live.spec.ts:130:5 › hybrid answers identify semantic retrieval while retaining citations (634ms)
  ✓  14 tests/e2e/guide-live.spec.ts:138:7 › invalid display publication is discarded before display (698ms)
  ✓  15 tests/e2e/guide-live.spec.ts:138:7 › invalid empty_support publication is discarded before display (678ms)
  ✓  16 tests/e2e/guide-live.spec.ts:138:7 › invalid claim_reference publication is discarded before display (641ms)
  ✓  17 tests/e2e/guide-live.spec.ts:138:7 › invalid source_reference publication is discarded before display (617ms)
  ✓  18 tests/e2e/guide-live.spec.ts:138:7 › invalid source_language publication is discarded before display (642ms)
  ✓  19 tests/e2e/guide-live.spec.ts:138:7 › invalid unused_source publication is discarded before display (623ms)
  ✓  20 tests/e2e/guide-live.spec.ts:149:43 › social policy preserves consented topic (870ms)
  ✓  21 tests/e2e/guide-live.spec.ts:149:43 › social policy rejects injected facts (795ms)
  ✓  22 tests/e2e/guide-live.spec.ts:173:5 › open answer inspector clears evidence after source withdrawal revalidation (686ms)
  ✓  23 tests/e2e/guide-proxy.spec.ts:3:5 › BFF forwards owned cookie and typed body, preserves status, and refuses demo/origin/oversize (98ms)
  ✓  24 tests/e2e/guide-proxy.spec.ts:16:5 › BFF stream cancellation closes the upstream fixture connection (585ms)
  ✓  25 tests/e2e/jinyao.spec.ts:3:5 › Jinyao cinematic hero responds to scrolling and replaces the previous scene (747ms)
  ✓  26 tests/e2e/jinyao.spec.ts:19:5 › Messenger preview keeps messages local, cancels replies and restores keyboard focus (2.6s)
  ✓  27 tests/e2e/jinyao.spec.ts:58:5 › mobile Chinese chat fits the viewport and reduced motion unpins the hero (1.8s)
  ✓  28 tests/e2e/jinyao.spec.ts:76:5 › low data loads no Jinyao images (551ms)

  28 passed (31.8s)
