$ node --test scripts/check-secrets.test.mjs
TAP version 13
# Subtest: rejects configured secret in Git candidate .env.example
ok 1 - rejects configured secret in Git candidate .env.example
  ---
  duration_ms: 13.881965
  type: 'test'
  ...
# Subtest: rejects configured secret in Git candidate push-log.txt
ok 2 - rejects configured secret in Git candidate push-log.txt
  ---
  duration_ms: 6.601393
  type: 'test'
  ...
# Subtest: rejects configured secret in Git candidate README.md
ok 3 - rejects configured secret in Git candidate README.md
  ---
  duration_ms: 5.62244
  type: 'test'
  ...
# Subtest: rejects configured secret in Git candidate binary.bin
ok 4 - rejects configured secret in Git candidate binary.bin
  ---
  duration_ms: 5.51262
  type: 'test'
  ...
# Subtest: rejects force-tracked private configuration even when ignored
ok 5 - rejects force-tracked private configuration even when ignored
  ---
  duration_ms: 8.787326
  type: 'test'
  ...
# Subtest: scans ignored browser output while allowing ignored local env
ok 6 - scans ignored browser output while allowing ignored local env
  ---
  duration_ms: 6.377739
  type: 'test'
  ...
# Subtest: allows safe examples and ignored local secrets
ok 7 - allows safe examples and ignored local secrets
  ---
  duration_ms: 6.368148
  type: 'test'
  ...
1..7
# tests 7
# suites 0
# pass 7
# fail 0
# cancelled 0
# skipped 0
# todo 0
# duration_ms 106.315711
