$ pnpm --filter @folkverse/web build
$ next build
▲ Next.js 16.3.8 (Turbopack)
- Environments: .env.local
✓ Running next.config.ts took 19ms

  Creating an optimized production build ...
✓ Compiled successfully in 453ms
  Running TypeScript ...
  Finished TypeScript in 1487ms ...
  Collecting page data using 7 workers ...
  Generating static pages using 7 workers (0/3) ...
✓ Generating static pages using 7 workers (3/3) in 101ms
  Finalizing page optimization ...

Route (app)
┌ ƒ /
├ ƒ /_not-found
├ ƒ /[...slug]
├ ƒ /api/v1/[...content]
├ ƒ /api/v1/health
└ ƒ /api/v1/session


ƒ  (Dynamic)  server-rendered on demand
