$ pnpm --filter @folkverse/web build
$ next build
▲ Next.js 16.3.8 (Turbopack)
- Environments: .env.local
✓ Running next.config.ts took 25ms

(node:943300) Warning: Setting the NODE_TLS_REJECT_UNAUTHORIZED environment variable to '0' makes TLS connections and HTTPS requests insecure by disabling certificate verification.
(Use `node --trace-warnings ...` to show where the warning was created)
  Creating an optimized production build ...
(node:943300) Warning: Setting the NODE_TLS_REJECT_UNAUTHORIZED environment variable to '0' makes TLS connections and HTTPS requests insecure by disabling certificate verification.
(Use `node --trace-warnings ...` to show where the warning was created)
✓ Compiled successfully in 505ms
  Running TypeScript ...
  Finished TypeScript in 2.3s ...
  Collecting page data using 7 workers ...
  Generating static pages using 7 workers (0/3) ...
✓ Generating static pages using 7 workers (3/3) in 215ms
  Finalizing page optimization ...

Route (app)
┌ ƒ /
├ ƒ /_not-found
├ ƒ /[...slug]
├ ƒ /api/v1/[...content]
├ ƒ /api/v1/health
└ ƒ /api/v1/session


ƒ  (Dynamic)  server-rendered on demand
