$ playwright test
[WebServer] INFO:     Started server process [1149219]
[WebServer] INFO:     Waiting for application startup.
[WebServer] INFO:     Application startup complete.
[WebServer] INFO:     Uvicorn running on http://127.0.0.1:8000 (Press CTRL+C to quit)
[WebServer] (node:1149280) Warning: The 'NO_COLOR' env is ignored due to the 'FORCE_COLOR' env being set.
[WebServer] (Use `node --trace-warnings ...` to show where the warning was created)
[WebServer] $ next start --hostname 127.0.0.1
[WebServer] (node:1149300) Warning: The 'NO_COLOR' env is ignored due to the 'FORCE_COLOR' env being set.
[WebServer] (Use `node --trace-warnings ...` to show where the warning was created)
[WebServer] (node:1149339) Warning: The 'NO_COLOR' env is ignored due to the 'FORCE_COLOR' env being set.
[WebServer] (Use `node --trace-warnings ...` to show where the warning was created)
[WebServer] (node:1149377) Warning: The 'NO_COLOR' env is ignored due to the 'FORCE_COLOR' env being set.
[WebServer] (Use `node --trace-warnings ...` to show where the warning was created)

Running 54 tests using 1 worker

(node:1149456) Warning: The 'NO_COLOR' env is ignored due to the 'FORCE_COLOR' env being set.
(Use `node --trace-warnings ...` to show where the warning was created)
  ✓   1 tests/e2e/content.spec.ts:4:5 › Liaoning published region → exhibit → attributed source works in both languages (2.4s)
  ✓   2 tests/e2e/content.spec.ts:45:5 › published source index hides draft sources and exposes only permitted passages (693ms)
  ✓   3 tests/e2e/content.spec.ts:56:5 › collection error recovers and withdrawn drawer clears on revalidation (1.0s)
  ✓   4 tests/e2e/dropdowns.spec.ts:5:5 › collection dropdown supports keyboard selection, cancellation, typeahead and outside dismissal (1.3s)
  ✓   5 tests/e2e/dropdowns.spec.ts:48:5 › compact and Chinese touch dropdowns fit the viewport and preserve their choices (1.5s)
  ✓   6 tests/e2e/foundation.spec.ts:23:5 › museum routes work at desktop, mobile and tablet without page overflow (8.5s)
  ✓   7 tests/e2e/foundation.spec.ts:43:5 › navigation, language persistence and keyboard skip path work (1.8s)
  ✓   8 tests/e2e/foundation.spec.ts:62:5 › real web to API health and signed session round trip (1.3s)
  ✓   9 tests/e2e/foundation.spec.ts:79:5 › health service errors are visible and retry recovers (879ms)
  ✓  10 tests/e2e/foundation.spec.ts:93:5 › guide portrait retains transparency and narrow zoom layout stays usable (924ms)
  ✓  11 tests/e2e/foundation.spec.ts:104:5 › unknown routes stay missing and cross-origin session mutation is rejected (368ms)
  ✓  12 tests/e2e/liaoning-map.spec.ts:4:5 › real Liaoning silhouette, 14 city markers and geographical city selection (2.6s)
  ✓  13 tests/e2e/liaoning-map.spec.ts:36:5 › map pan, wheel zoom, keyboard camera, minimap and expanded map (1.9s)
  ✓  14 tests/e2e/liaoning-map.spec.ts:66:5 › selected city circle stays centered through time and zoom for all fourteen cities (5.3s)
  ✓  15 tests/e2e/liaoning-map.spec.ts:101:5 › sourced city territory highlights from map clicks and clears when returning to the province (1.3s)
  ✓  16 tests/e2e/liaoning-map.spec.ts:135:5 › all cities remain selectable and searchable in Chinese at phone size (1.8s)
  ✓  17 tests/e2e/liaoning-map.spec.ts:157:5 › touch pinch changes the map camera without scrolling the page (802ms)
  ✓  18 tests/e2e/museum-ui.spec.ts:19:5 › nine museum screens retain artwork and stay usable at three sizes in both languages (19.5s)
  ✓  19 tests/e2e/museum-ui.spec.ts:41:5 › explore filters, empty state and source drawer keyboard focus (838ms)
  ✓  20 tests/e2e/museum-ui.spec.ts:60:5 › journey reorder, remove and duration-constrained empty state (866ms)
  ✘  21 tests/e2e/museum-ui.spec.ts:75:5 › both story branches, restart and actual recorded audio (30.1s)
(node:1152248) Warning: The 'NO_COLOR' env is ignored due to the 'FORCE_COLOR' env being set.
(Use `node --trace-warnings ...` to show where the warning was created)
  ✓  22 tests/e2e/museum-ui.spec.ts:86:5 › lens exposes unknown, poor image, denial, outage and loading without claiming recognition (1.6s)
  ✓  23 tests/e2e/museum-ui.spec.ts:99:5 › guide submits bounded text, clearly scripted response and voice unavailable (1.4s)
  ✓  24 tests/e2e/museum-ui.spec.ts:109:5 › interest edits redraw chart and reset clears suggestions (529ms)
  ✓  25 tests/e2e/museum-ui.spec.ts:124:5 › live mode fails closed with no demo controls (777ms)
  ✓  26 tests/e2e/museum-ui.spec.ts:132:5 › published collection works in live mode with no fixture toggle (553ms)
  ✓  27 tests/e2e/museum-ui.spec.ts:141:5 › reduced graphics, keyboard path and 200 percent page zoom (1.7s)
  ✓  28 tests/e2e/ui-part-4.spec.ts:4:5 › phone quick navigation and filters retain place, clear and recover empty results (1.6s)
  ✓  29 tests/e2e/ui-part-4.spec.ts:26:5 › reading, citations, shareable URL and evidence remain distinct and keyboard reachable (1.0s)
  ✓  30 tests/e2e/ui-part-4.spec.ts:42:5 › Guide approved prompts, stop/retry/error/insufficient states stay clearly scripted (2.4s)
  ✓  31 tests/e2e/ui-part-4.spec.ts:60:5 › composer adapts to narrowed viewport without hiding the active question (544ms)
  ✓  32 tests/e2e/ui-part-4.spec.ts:69:5 › Lens capture stays unavailable and cancelled preview cannot resume itself (1.1s)
  ✓  33 tests/e2e/ui-part-4.spec.ts:82:5 › Story reading mode and endings offer actual continuations; interests link only approved records (1.2s)
  ✓  34 tests/e2e/ui-part-4.spec.ts:92:5 › friendly 404 and audio metadata delay have concrete recoveries (1.3s)
  ✘  35 tests/e2e/ui-part-4.spec.ts:103:5 › constrained network, offline collection and reconnect recovery (16.5s)
(node:1153440) Warning: The 'NO_COLOR' env is ignored due to the 'FORCE_COLOR' env being set.
(Use `node --trace-warnings ...` to show where the warning was created)
  ✓  36 tests/e2e/ui-part-a.spec.ts:3:5 › Home features published EN/ZH text and opens that exhibit with its sources in both modes (2.3s)
  ✓  37 tests/e2e/ui-part-a.spec.ts:23:5 › featured publication fails closed for errors, empty results and withdrawn records (1.3s)
  ✓  38 tests/e2e/ui-part-a.spec.ts:39:5 › status keeps diagnostics optional and recovers from an outage in both languages (1.4s)
  ✓  39 tests/e2e/ui-part-a.spec.ts:59:5 › decorative card purposes stay distinct and crops retain their aspect ratio (1.3s)
  ✓  40 tests/e2e/ui-part-b.spec.ts:3:5 › source dialog includes integrity disclosure in keyboard order and distinguishes padding from backdrop (1.3s)
  ✓  41 tests/e2e/ui-part-b.spec.ts:27:5 › region dropdown and directory fit the same city camera (1.5s)
  ✓  42 tests/e2e/ui-part-b.spec.ts:40:5 › graphics preference survives navigation and reload (1.2s)
  ✓  43 tests/e2e/ui-part-b.spec.ts:49:5 › phone map labels and controls remain readable and expanded map is a native modal (1.2s)
  ✓  44 tests/e2e/ui-part-b.spec.ts:77:5 › each screen has a distinct localized title including server reloads (4.5s)
  ✓  45 tests/e2e/ui-part-c.spec.ts:4:5 › Sources instructions, live capability copy and province query match actual scope (1.2s)
  ✓  46 tests/e2e/ui-part-c.spec.ts:19:5 › atlas distinguishes loading, outage, published city and empty city (1.5s)
  ✓  47 tests/e2e/ui-part-c.spec.ts:37:5 › Guide keeps multiple turns and draft through navigation, clears safely and resets on reload (3.5s)
  ✓  48 tests/e2e/ui-part-c.spec.ts:57:5 › Journey draft criteria never relabel committed route and plan survives navigation (822ms)
  ✓  49 tests/e2e/ui-part-c.spec.ts:78:5 › Chinese story offers explicit English audio, text-only mode and complete transcript (623ms)
  ✓  50 tests/e2e/ui-part-c.spec.ts:88:5 › reviewed exhibit context carries to all four next screens in demo/live and fails closed (8.8s)
  ✓  51 tests/e2e/ui-refinement.spec.ts:3:5 › home leads to reviewed exhibits and collection view preserves map filters (1.4s)
  ✓  52 tests/e2e/ui-refinement.spec.ts:16:5 › prototype controls are opt-in and keyboard can open every preview (977ms)
  ✓  53 tests/e2e/ui-refinement.spec.ts:28:5 › interests begin empty and contain only voluntary choices (693ms)
  ✓  54 tests/e2e/ui-refinement.spec.ts:43:5 › phone artwork stays sharp at DPR 2 and the companion stays compact (2.4s)


  1) tests/e2e/museum-ui.spec.ts:75:5 › both story branches, restart and actual recorded audio ─────

    Test timeout of 30000ms exceeded.

    Error: locator.click: Test timeout of 30000ms exceeded.
    Call log:
      - waiting for getByRole('button', { name: 'Play narration' })
        - locator resolved to <button disabled class="icon-button" aria-label="Play narration">▶︎</button>
      - attempting click action
        2 × waiting for element to be visible, enabled and stable
          - element is not enabled
        - retrying click action
        - waiting 20ms
        2 × waiting for element to be visible, enabled and stable
          - element is not enabled
        - retrying click action
          - waiting 100ms
        57 × waiting for element to be visible, enabled and stable
           - element is not enabled
         - retrying click action
           - waiting 500ms


      75 | test("both story branches, restart and actual recorded audio", async ({ page }) => {
      76 |   await page.goto("/stories/lantern-path");
    > 77 |   await page.getByRole("button", { name: "Play narration" }).click();
         |                                                              ^
      78 |   await expect(page.getByRole("button", { name: "Pause narration" })).toBeVisible();
      79 |   await expect.poll(() => page.locator("audio").evaluate(el => (el as HTMLAudioElement).currentTime)).toBeGreaterThan(0);
      80 |   await page.getByRole("button", { name: /Follow the mountain/ }).click(); await expect(page.getByRole("heading", { name: "The mountain light" })).toBeVisible();
        at /home/oualid/Exira-X/FolkVerse_Codex_Build_Kit/tests/e2e/museum-ui.spec.ts:77:62

    Error Context: test-results/museum-ui-both-story-branc-48bdd-t-and-actual-recorded-audio/error-context.md

    attachment #2: trace (application/zip) ─────────────────────────────────────────────────────────
    test-results/museum-ui-both-story-branc-48bdd-t-and-actual-recorded-audio/trace.zip
    Usage:

        pnpm exec playwright show-trace test-results/museum-ui-both-story-branc-48bdd-t-and-actual-recorded-audio/trace.zip

    ────────────────────────────────────────────────────────────────────────────────────────────────

  2) tests/e2e/ui-part-4.spec.ts:103:5 › constrained network, offline collection and reconnect recovery 

    Error: expect(locator).toContainText(expected) failed

    Locator: getByRole('alert')
    Expected substring: "temporarily unavailable"
    Error: strict mode violation: getByRole('alert') resolved to 2 elements:
        1) <div role="alert" class="empty-state">…</div> aka getByText('The collection is temporarily unavailable. Please try again.Try again')
        2) <div role="alert" aria-live="assertive" id="__next-route-announcer__"></div> aka locator('[id="__next-route-announcer__"]')

    Call log:
      - Expect "toContainText" getByRole('alert') with timeout 5000ms
      - waiting for getByRole('alert')
        3 × locator resolved to <div role="alert" aria-live="assertive" id="__next-route-announcer__"></div>
          - unexpected value ""


      107 |   await page.goto("/explore"); await expect(page.locator(".published-card")).toHaveCount(1, { timeout: 20000 });
      108 |   await cdp.send("Network.emulateNetworkConditions", { offline: true, latency: 0, downloadThroughput: 0, uploadThroughput: 0 });
    > 109 |   await page.getByRole("button", { name: "Refresh collection" }).click(); await expect(page.getByRole("alert")).toContainText("temporarily unavailable");
          |                                                                                                                 ^
      110 |   await cdp.send("Network.emulateNetworkConditions", { offline: false, latency: 500, downloadThroughput: 256000, uploadThroughput: 64000 });
      111 |   await page.getByRole("button", { name: "Try again", exact: true }).click(); await expect(page.locator(".published-card")).toHaveCount(1);
      112 | });
        at /home/oualid/Exira-X/FolkVerse_Codex_Build_Kit/tests/e2e/ui-part-4.spec.ts:109:113

    Error Context: test-results/ui-part-4-constrained-netw-1d7e6-tion-and-reconnect-recovery/error-context.md

    attachment #2: trace (application/zip) ─────────────────────────────────────────────────────────
    test-results/ui-part-4-constrained-netw-1d7e6-tion-and-reconnect-recovery/trace.zip
    Usage:

        pnpm exec playwright show-trace test-results/ui-part-4-constrained-netw-1d7e6-tion-and-reconnect-recovery/trace.zip

    ────────────────────────────────────────────────────────────────────────────────────────────────

  2 failed
    tests/e2e/museum-ui.spec.ts:75:5 › both story branches, restart and actual recorded audio ──────
    tests/e2e/ui-part-4.spec.ts:103:5 › constrained network, offline collection and reconnect recovery 
  52 passed (2.7m)
[ELIFECYCLE] Command failed with exit code 1.
