home 1600 en overflow false axe [] small 0
explore 1600 en overflow false axe [] small 0
map 1600 en overflow false axe [] small 0
reading 1600 en overflow false axe [] small 0
journey 1600 en overflow false axe [] small 0
lens 1600 en overflow false axe [] small 0
guide 1600 en overflow false axe [] small 0
interests 1600 en overflow false axe [] small 0
story 1600 en overflow false axe [] small 0
sources 1600 en overflow false axe [] small 0
status 1600 en overflow false axe [] small 0
missing 1600 en overflow false axe [] small 0
home 1600 zh-CN overflow false axe [] small 0
explore 1600 zh-CN overflow false axe [] small 0
map 1600 zh-CN overflow false axe [] small 0
reading 1600 zh-CN overflow false axe [] small 0
journey 1600 zh-CN overflow false axe [] small 0
lens 1600 zh-CN overflow false axe [] small 0
guide 1600 zh-CN overflow false axe [] small 0
interests 1600 zh-CN overflow false axe [] small 0
story 1600 zh-CN overflow false axe [] small 0
sources 1600 zh-CN overflow false axe [] small 0
status 1600 zh-CN overflow false axe [] small 0
missing 1600 zh-CN overflow false axe [] small 0
home 768 en overflow false axe [] small 0
explore 768 en overflow false axe [] small 0
map 768 en overflow false axe [] small 0
reading 768 en overflow false axe [] small 0
journey 768 en overflow false axe [] small 0
lens 768 en overflow false axe [] small 0
guide 768 en overflow false axe [] small 0
interests 768 en overflow false axe [] small 0
story 768 en overflow false axe [] small 0
sources 768 en overflow false axe [] small 0
status 768 en overflow false axe [] small 0
missing 768 en overflow false axe [] small 0
home 768 zh-CN overflow false axe [] small 0
explore 768 zh-CN overflow false axe [] small 0
map 768 zh-CN overflow false axe [] small 0
reading 768 zh-CN overflow false axe [] small 0
journey 768 zh-CN overflow false axe [] small 0
lens 768 zh-CN overflow false axe [] small 0
guide 768 zh-CN overflow false axe [] small 0
interests 768 zh-CN overflow false axe [] small 0
story 768 zh-CN overflow false axe [] small 0
sources 768 zh-CN overflow false axe [] small 0
status 768 zh-CN overflow false axe [] small 0
missing 768 zh-CN overflow false axe [] small 0
home 390 en overflow false axe [] small 0
explore 390 en overflow false axe [] small 0
map 390 en overflow false axe [] small 0
reading 390 en overflow false axe [] small 0
journey 390 en overflow false axe [] small 0
lens 390 en overflow false axe [] small 0
guide 390 en overflow false axe [] small 0
interests 390 en overflow false axe [] small 0
story 390 en overflow false axe [] small 0
sources 390 en overflow false axe [] small 0
status 390 en overflow false axe [] small 0
missing 390 en overflow false axe [] small 0
home 390 zh-CN overflow false axe [] small 0
explore 390 zh-CN overflow false axe [] small 0
map 390 zh-CN overflow false axe [] small 0
reading 390 zh-CN overflow false axe [] small 0
journey 390 zh-CN overflow false axe [] small 0
lens 390 zh-CN overflow false axe [] small 0
guide 390 zh-CN overflow false axe [] small 0
interests 390 zh-CN overflow false axe [] small 0
story 390 zh-CN overflow false axe [] small 0
sources 390 zh-CN overflow false axe [] small 0
status 390 zh-CN overflow false axe [] small 0
missing 390 zh-CN overflow false axe [] small 0
