reading 1600 en overflow false axe [] small 0
interests 1600 en overflow false axe [] small 0
story 1600 en overflow false axe [] small 0
readinglight 1600 en overflow false axe [] small 0
mountain 1600 en overflow false axe [] small 0
river 1600 en overflow false axe [] small 0
reading 1600 zh-CN overflow false axe [] small 0
interests 1600 zh-CN overflow false axe [] small 0
story 1600 zh-CN overflow false axe [] small 0
readinglight 1600 zh-CN overflow false axe [] small 0
mountain 1600 zh-CN overflow false axe [] small 0
river 1600 zh-CN overflow false axe [] small 0
reading 768 en overflow false axe [] small 0
interests 768 en overflow false axe [] small 0
story 768 en overflow false axe [] small 0
readinglight 768 en overflow false axe [] small 0
mountain 768 en overflow false axe [] small 0
river 768 en overflow false axe [] small 0
reading 768 zh-CN overflow false axe [] small 0
interests 768 zh-CN overflow false axe [] small 0
story 768 zh-CN overflow false axe [] small 0
readinglight 768 zh-CN overflow false axe [] small 0
mountain 768 zh-CN overflow false axe [] small 0
river 768 zh-CN overflow false axe [] small 0
reading 390 en overflow false axe [] small 0
interests 390 en overflow false axe [] small 0
story 390 en overflow false axe [] small 0
readinglight 390 en overflow false axe [] small 0
mountain 390 en overflow false axe [] small 0
river 390 en overflow false axe [] small 0
reading 390 zh-CN overflow false axe [] small 0
interests 390 zh-CN overflow false axe [] small 0
story 390 zh-CN overflow false axe [] small 0
readinglight 390 zh-CN overflow false axe [] small 0
mountain 390 zh-CN overflow false axe [] small 0
river 390 zh-CN overflow false axe [] small 0
