$ playwright test
[WebServer] INFO:     Started server process [1067062]
[WebServer] INFO:     Waiting for application startup.
[WebServer] INFO:     Application startup complete.
[WebServer] INFO:     Uvicorn running on http://127.0.0.1:8000 (Press CTRL+C to quit)
[WebServer] (node:1067109) Warning: The 'NO_COLOR' env is ignored due to the 'FORCE_COLOR' env being set.
[WebServer] (Use `node --trace-warnings ...` to show where the warning was created)
[WebServer] $ next start --hostname 127.0.0.1
[WebServer] (node:1067123) Warning: The 'NO_COLOR' env is ignored due to the 'FORCE_COLOR' env being set.
[WebServer] (Use `node --trace-warnings ...` to show where the warning was created)
[WebServer] (node:1067183) Warning: The 'NO_COLOR' env is ignored due to the 'FORCE_COLOR' env being set.
[WebServer] (Use `node --trace-warnings ...` to show where the warning was created)
[WebServer] (node:1067196) Warning: The 'NO_COLOR' env is ignored due to the 'FORCE_COLOR' env being set.
[WebServer] (Use `node --trace-warnings ...` to show where the warning was created)

Running 40 tests using 1 worker

(node:1067246) Warning: The 'NO_COLOR' env is ignored due to the 'FORCE_COLOR' env being set.
(Use `node --trace-warnings ...` to show where the warning was created)
  ✓   1 tests/e2e/content.spec.ts:4:5 › Liaoning published region → exhibit → attributed source works in both languages (2.5s)
  ✓   2 tests/e2e/content.spec.ts:45:5 › published source index hides draft sources and exposes only permitted passages (679ms)
  ✓   3 tests/e2e/content.spec.ts:56:5 › collection error recovers and withdrawn drawer clears on revalidation (990ms)
  ✓   4 tests/e2e/dropdowns.spec.ts:5:5 › collection dropdown supports keyboard selection, cancellation, typeahead and outside dismissal (1.6s)
  ✓   5 tests/e2e/dropdowns.spec.ts:48:5 › compact and Chinese touch dropdowns fit the viewport and preserve their choices (1.6s)
  ✓   6 tests/e2e/foundation.spec.ts:23:5 › museum routes work at desktop, mobile and tablet without page overflow (12.9s)
  ✓   7 tests/e2e/foundation.spec.ts:43:5 › navigation, language persistence and keyboard skip path work (3.3s)
  ✓   8 tests/e2e/foundation.spec.ts:62:5 › real web to API health and signed session round trip (2.5s)
  ✓   9 tests/e2e/foundation.spec.ts:79:5 › health service errors are visible and retry recovers (1.7s)
  ✓  10 tests/e2e/foundation.spec.ts:93:5 › guide portrait retains transparency and narrow zoom layout stays usable (1.8s)
  ✓  11 tests/e2e/foundation.spec.ts:104:5 › unknown routes stay missing and cross-origin session mutation is rejected (445ms)
  ✓  12 tests/e2e/liaoning-map.spec.ts:4:5 › real Liaoning silhouette, 14 city markers and geographical city selection (3.4s)
  ✓  13 tests/e2e/liaoning-map.spec.ts:36:5 › map pan, wheel zoom, keyboard camera, minimap and expanded map (2.9s)
  ✓  14 tests/e2e/liaoning-map.spec.ts:66:5 › selected city circle stays centered through time and zoom for all fourteen cities (6.1s)
  ✓  15 tests/e2e/liaoning-map.spec.ts:101:5 › sourced city territory highlights from map clicks and clears when returning to the province (1.8s)
  ✓  16 tests/e2e/liaoning-map.spec.ts:135:5 › all cities remain selectable and searchable in Chinese at phone size (2.1s)
  ✓  17 tests/e2e/liaoning-map.spec.ts:157:5 › touch pinch changes the map camera without scrolling the page (1.2s)
  ✓  18 tests/e2e/museum-ui.spec.ts:19:5 › nine museum screens retain artwork and stay usable at three sizes in both languages (19.0s)
  ✓  19 tests/e2e/museum-ui.spec.ts:41:5 › explore filters, empty state and source drawer keyboard focus (856ms)
  ✓  20 tests/e2e/museum-ui.spec.ts:60:5 › journey reorder, remove and duration-constrained empty state (868ms)
  ✓  21 tests/e2e/museum-ui.spec.ts:75:5 › both story branches, restart and actual recorded audio (693ms)
  ✓  22 tests/e2e/museum-ui.spec.ts:86:5 › lens exposes unknown, poor image, denial, outage and loading without claiming recognition (1.8s)
  ✓  23 tests/e2e/museum-ui.spec.ts:99:5 › guide submits bounded text, clearly scripted response and voice unavailable (1.3s)
  ✓  24 tests/e2e/museum-ui.spec.ts:109:5 › interest edits redraw chart and reset clears suggestions (482ms)
  ✓  25 tests/e2e/museum-ui.spec.ts:124:5 › live mode fails closed with no demo controls (1.0s)
  ✓  26 tests/e2e/museum-ui.spec.ts:132:5 › published collection works in live mode with no fixture toggle (855ms)
  ✓  27 tests/e2e/museum-ui.spec.ts:141:5 › reduced graphics, keyboard path and 200 percent page zoom (2.2s)
  ✓  28 tests/e2e/ui-part-a.spec.ts:3:5 › Home features published EN/ZH text and opens that exhibit with its sources in both modes (3.0s)
  ✓  29 tests/e2e/ui-part-a.spec.ts:23:5 › featured publication fails closed for errors, empty results and withdrawn records (1.7s)
  ✓  30 tests/e2e/ui-part-a.spec.ts:39:5 › status keeps diagnostics optional and recovers from an outage in both languages (1.8s)
  ✓  31 tests/e2e/ui-part-a.spec.ts:59:5 › decorative card purposes stay distinct and crops retain their aspect ratio (1.7s)
  ✓  32 tests/e2e/ui-part-b.spec.ts:3:5 › source dialog includes integrity disclosure in keyboard order and distinguishes padding from backdrop (1.6s)
  ✘  33 tests/e2e/ui-part-b.spec.ts:27:5 › region dropdown and directory fit the same city camera (6.2s)
(node:1070722) Warning: The 'NO_COLOR' env is ignored due to the 'FORCE_COLOR' env being set.
(Use `node --trace-warnings ...` to show where the warning was created)
  ✓  34 tests/e2e/ui-part-b.spec.ts:40:5 › graphics preference survives navigation and reload (800ms)
  ✓  35 tests/e2e/ui-part-b.spec.ts:49:5 › phone map labels and controls remain readable and expanded map is a native modal (744ms)
  ✘  36 tests/e2e/ui-part-b.spec.ts:72:5 › each screen has a distinct localized title including server reloads (5.5s)
(node:1071045) Warning: The 'NO_COLOR' env is ignored due to the 'FORCE_COLOR' env being set.
(Use `node --trace-warnings ...` to show where the warning was created)
  ✓  37 tests/e2e/ui-refinement.spec.ts:3:5 › home leads to reviewed exhibits and collection view preserves map filters (1.2s)
  ✓  38 tests/e2e/ui-refinement.spec.ts:16:5 › prototype controls are opt-in and keyboard can open every preview (737ms)
  ✓  39 tests/e2e/ui-refinement.spec.ts:28:5 › interests begin empty and contain only voluntary choices (461ms)
  ✓  40 tests/e2e/ui-refinement.spec.ts:43:5 › phone artwork stays sharp at DPR 2 and the companion stays compact (2.4s)


  1) tests/e2e/ui-part-b.spec.ts:27:5 › region dropdown and directory fit the same city camera ─────

    Error: expect(locator).toHaveAttribute(expected) failed

    Locator:  locator('.atlas-world')
    Expected: "341.5807979426404 543.8506068147149 374.6590600436829 294.374975748608"
    Received: "0 0 1120 880"
    Timeout:  5000ms

    Call log:
      - Expect "toHaveAttribute" locator('.atlas-world') with timeout 5000ms
      - waiting for locator('.atlas-world')
        14 × locator resolved to <svg tabindex="0" role="group" data-zoom="1.00" class="atlas-world" viewBox="0 0 1120 880" aria-label="Drag map, zoom and choose a city">…</svg>
           - unexpected value "0 0 1120 880"


      34 |     await page.getByLabel("Region", { exact: true }).click();
      35 |     await page.getByRole("option", { name: city, exact: true }).click();
    > 36 |     await expect(world).toHaveAttribute("viewBox", expected!);
         |                         ^
      37 |   }
      38 | });
      39 |
        at /home/oualid/Exira-X/FolkVerse_Codex_Build_Kit/tests/e2e/ui-part-b.spec.ts:36:25

    Error Context: test-results/ui-part-b-region-dropdown--971f7-ry-fit-the-same-city-camera/error-context.md

    attachment #2: trace (application/zip) ─────────────────────────────────────────────────────────
    test-results/ui-part-b-region-dropdown--971f7-ry-fit-the-same-city-camera/trace.zip
    Usage:

        pnpm exec playwright show-trace test-results/ui-part-b-region-dropdown--971f7-ry-fit-the-same-city-camera/trace.zip

    ────────────────────────────────────────────────────────────────────────────────────────────────

  2) tests/e2e/ui-part-b.spec.ts:72:5 › each screen has a distinct localized title including server reloads 

    Error: expect(page).toHaveTitle(expected) failed

    Expected pattern: /.+ \| FolkVerse China/
    Received string:  "Home"
    Timeout: 5000ms

    Call log:
      - Expect "toHaveTitle" with timeout 5000ms
        14 × locator resolved to <html lang="en">…</html>
           - unexpected value "Home"


      76 |     const titles = new Set<string>();
      77 |     for (const route of ["/", "/explore", "/stories/lantern-path", "/journey", "/lens", "/guide", "/dna", "/sources", "/status"]) {
    > 78 |       await page.goto(route); await expect(page).toHaveTitle(/.+ \| FolkVerse China/);
         |                                                  ^
      79 |       const title = await page.title(); expect(titles.has(title)).toBe(false); titles.add(title);
      80 |       if (zh) expect(title).toMatch(/[\u3400-\u9fff]/);
      81 |     }
        at /home/oualid/Exira-X/FolkVerse_Codex_Build_Kit/tests/e2e/ui-part-b.spec.ts:78:50

    Error Context: test-results/ui-part-b-each-screen-has--3ff73-le-including-server-reloads/error-context.md

    attachment #2: trace (application/zip) ─────────────────────────────────────────────────────────
    test-results/ui-part-b-each-screen-has--3ff73-le-including-server-reloads/trace.zip
    Usage:

        pnpm exec playwright show-trace test-results/ui-part-b-each-screen-has--3ff73-le-including-server-reloads/trace.zip

    ────────────────────────────────────────────────────────────────────────────────────────────────

  2 failed
    tests/e2e/ui-part-b.spec.ts:27:5 › region dropdown and directory fit the same city camera ──────
    tests/e2e/ui-part-b.spec.ts:72:5 › each screen has a distinct localized title including server reloads 
  38 passed (1.8m)
[ELIFECYCLE] Command failed with exit code 1.
