$ playwright test
[WebServer] INFO:     Started server process [1080747]
[WebServer] INFO:     Waiting for application startup.
[WebServer] INFO:     Application startup complete.
[WebServer] INFO:     Uvicorn running on http://127.0.0.1:8000 (Press CTRL+C to quit)
[WebServer] (node:1080776) Warning: The 'NO_COLOR' env is ignored due to the 'FORCE_COLOR' env being set.
[WebServer] (Use `node --trace-warnings ...` to show where the warning was created)
[WebServer] $ next start --hostname 127.0.0.1
[WebServer] (node:1080810) Warning: The 'NO_COLOR' env is ignored due to the 'FORCE_COLOR' env being set.
[WebServer] (Use `node --trace-warnings ...` to show where the warning was created)
[WebServer] (node:1080890) Warning: The 'NO_COLOR' env is ignored due to the 'FORCE_COLOR' env being set.
[WebServer] (Use `node --trace-warnings ...` to show where the warning was created)
[WebServer] (node:1080904) Warning: The 'NO_COLOR' env is ignored due to the 'FORCE_COLOR' env being set.
[WebServer] (Use `node --trace-warnings ...` to show where the warning was created)

Running 40 tests using 1 worker

(node:1080933) Warning: The 'NO_COLOR' env is ignored due to the 'FORCE_COLOR' env being set.
(Use `node --trace-warnings ...` to show where the warning was created)
  ✓   1 tests/e2e/content.spec.ts:4:5 › Liaoning published region → exhibit → attributed source works in both languages (2.5s)
  ✓   2 tests/e2e/content.spec.ts:45:5 › published source index hides draft sources and exposes only permitted passages (673ms)
  ✓   3 tests/e2e/content.spec.ts:56:5 › collection error recovers and withdrawn drawer clears on revalidation (1.1s)
  ✓   4 tests/e2e/dropdowns.spec.ts:5:5 › collection dropdown supports keyboard selection, cancellation, typeahead and outside dismissal (1.8s)
  ✓   5 tests/e2e/dropdowns.spec.ts:48:5 › compact and Chinese touch dropdowns fit the viewport and preserve their choices (1.8s)
  ✓   6 tests/e2e/foundation.spec.ts:23:5 › museum routes work at desktop, mobile and tablet without page overflow (8.0s)
  ✓   7 tests/e2e/foundation.spec.ts:43:5 › navigation, language persistence and keyboard skip path work (2.0s)
  ✓   8 tests/e2e/foundation.spec.ts:62:5 › real web to API health and signed session round trip (1.3s)
  ✓   9 tests/e2e/foundation.spec.ts:79:5 › health service errors are visible and retry recovers (885ms)
  ✓  10 tests/e2e/foundation.spec.ts:93:5 › guide portrait retains transparency and narrow zoom layout stays usable (911ms)
  ✓  11 tests/e2e/foundation.spec.ts:104:5 › unknown routes stay missing and cross-origin session mutation is rejected (294ms)
  ✓  12 tests/e2e/liaoning-map.spec.ts:4:5 › real Liaoning silhouette, 14 city markers and geographical city selection (2.5s)
  ✓  13 tests/e2e/liaoning-map.spec.ts:36:5 › map pan, wheel zoom, keyboard camera, minimap and expanded map (1.9s)
  ✓  14 tests/e2e/liaoning-map.spec.ts:66:5 › selected city circle stays centered through time and zoom for all fourteen cities (4.6s)
  ✓  15 tests/e2e/liaoning-map.spec.ts:101:5 › sourced city territory highlights from map clicks and clears when returning to the province (1.2s)
  ✓  16 tests/e2e/liaoning-map.spec.ts:135:5 › all cities remain selectable and searchable in Chinese at phone size (1.8s)
  ✓  17 tests/e2e/liaoning-map.spec.ts:157:5 › touch pinch changes the map camera without scrolling the page (801ms)
  ✓  18 tests/e2e/museum-ui.spec.ts:19:5 › nine museum screens retain artwork and stay usable at three sizes in both languages (19.6s)
  ✓  19 tests/e2e/museum-ui.spec.ts:41:5 › explore filters, empty state and source drawer keyboard focus (881ms)
  ✓  20 tests/e2e/museum-ui.spec.ts:60:5 › journey reorder, remove and duration-constrained empty state (844ms)
  ✓  21 tests/e2e/museum-ui.spec.ts:75:5 › both story branches, restart and actual recorded audio (699ms)
  ✓  22 tests/e2e/museum-ui.spec.ts:86:5 › lens exposes unknown, poor image, denial, outage and loading without claiming recognition (1.8s)
  ✓  23 tests/e2e/museum-ui.spec.ts:99:5 › guide submits bounded text, clearly scripted response and voice unavailable (1.4s)
  ✓  24 tests/e2e/museum-ui.spec.ts:109:5 › interest edits redraw chart and reset clears suggestions (483ms)
  ✓  25 tests/e2e/museum-ui.spec.ts:124:5 › live mode fails closed with no demo controls (1.0s)
  ✓  26 tests/e2e/museum-ui.spec.ts:132:5 › published collection works in live mode with no fixture toggle (845ms)
  ✓  27 tests/e2e/museum-ui.spec.ts:141:5 › reduced graphics, keyboard path and 200 percent page zoom (2.2s)
  ✓  28 tests/e2e/ui-part-a.spec.ts:3:5 › Home features published EN/ZH text and opens that exhibit with its sources in both modes (3.0s)
  ✓  29 tests/e2e/ui-part-a.spec.ts:23:5 › featured publication fails closed for errors, empty results and withdrawn records (1.2s)
  ✓  30 tests/e2e/ui-part-a.spec.ts:39:5 › status keeps diagnostics optional and recovers from an outage in both languages (1.4s)
  ✓  31 tests/e2e/ui-part-a.spec.ts:59:5 › decorative card purposes stay distinct and crops retain their aspect ratio (1.2s)
  ✓  32 tests/e2e/ui-part-b.spec.ts:3:5 › source dialog includes integrity disclosure in keyboard order and distinguishes padding from backdrop (1.1s)
  ✓  33 tests/e2e/ui-part-b.spec.ts:27:5 › region dropdown and directory fit the same city camera (1.5s)
  ✓  34 tests/e2e/ui-part-b.spec.ts:40:5 › graphics preference survives navigation and reload (991ms)
  ✓  35 tests/e2e/ui-part-b.spec.ts:49:5 › phone map labels and controls remain readable and expanded map is a native modal (1.1s)
  ✓  36 tests/e2e/ui-part-b.spec.ts:77:5 › each screen has a distinct localized title including server reloads (4.3s)
  ✓  37 tests/e2e/ui-refinement.spec.ts:3:5 › home leads to reviewed exhibits and collection view preserves map filters (1.4s)
  ✓  38 tests/e2e/ui-refinement.spec.ts:16:5 › prototype controls are opt-in and keyboard can open every preview (924ms)
  ✓  39 tests/e2e/ui-refinement.spec.ts:28:5 › interests begin empty and contain only voluntary choices (716ms)
  ✓  40 tests/e2e/ui-refinement.spec.ts:43:5 › phone artwork stays sharp at DPR 2 and the companion stays compact (2.3s)

  40 passed (1.5m)
